============================= test session starts ==============================
created: 16/16 workers
16 workers [112 items]

scheduling tests via LoadScheduling

tests/data/test_fate_anndata.py::TestFateAnnData::test_init 
tests/data/test_fate_anndata.py::TestFateAnnData::test_add_waypoints 
tests/data/test_fate_anndata.py::TestFateAnnData::test_add_trajectory_velocity 
tests/data/test_fate_anndata.py::TestFateAnnData::test_group_onto_trajectory_edges 
tests/data/test_fate_anndata.py::TestFateAnnData::test_add_trajectory_graph 
tests/data/test_fate_milestone_wrapper.py::TestMilestoneWrapper::test_convert_milestone_percentages_to_progressions 
tests/data/test_fate_anndata.py::TestFateAnnData::test_add_trajectory_cycle 
tests/data/test_fate_anndata.py::TestFateAnnData::test_add_trajectory_branch 
tests/data/test_fate_anndata.py::TestFateAnnData::test_add_prior_information 
tests/data/test_fate_anndata.py::TestFateAnnData::test_simplify_trajectory_bifurcation_directed 
tests/data/test_fate_anndata.py::TestFateAnnData::test_add_trajectory_projection 
tests/data/test_fate_anndata.py::TestFateAnnData::test_add_trajectory_probablity 
tests/data/test_fate_anndata.py::TestFateAnnData::test_simplify_trajectory_linear_directed 
tests/data/test_fate_milestone_wrapper.py::TestMilestoneWrapper::test_magic_method 
tests/data/test_fate_anndata.py::TestFateAnnData::test_read_dynverse_simulation_data 
[gw2] [  0%] SKIPPED tests/data/test_fate_anndata.py::TestFateAnnData::test_read_dynverse_simulation_data 
tests/data/test_fate_anndata.py::TestFateAnnData::test_get_all_model_name 
[gw9] [  1%] SKIPPED tests/data/test_fate_anndata.py::TestFateAnnData::test_add_trajectory_velocity 
tests/data/test_fate_anndata.py::TestFateAnnData::test_add_model_name 
tests/data/test_fate_anndata.py::TestFateAnnData::test_add_trajectory_velocity2 
[gw9] [  2%] SKIPPED tests/data/test_fate_anndata.py::TestFateAnnData::test_add_trajectory_velocity2 
[gw4] [  3%] PASSED tests/data/test_fate_anndata.py::TestFateAnnData::test_add_prior_information 
tests/data/test_fate_waypoint_wrapper.py::TestWaypointWrapper::test_init 
tests/data/test_fate_anndata.py::TestFateAnnData::test_add_trajectory 
[gw1] [  4%] PASSED tests/data/test_fate_anndata.py::TestFateAnnData::test_init 
[gw2] [  5%] PASSED tests/data/test_fate_anndata.py::TestFateAnnData::test_add_model_name 
tests/data/test_fate_anndata.py::TestFateAnnData::test_from_anndata 
tests/data/test_fate_waypoint_wrapper.py::TestWaypointWrapper::test_magic_method 
[gw15] [  6%] PASSED tests/data/test_fate_milestone_wrapper.py::TestMilestoneWrapper::test_magic_method 
tests/data/test_fate_milestone_wrapper.py::TestMilestoneWrapper::test_milestone_network 
[gw11] [  7%] PASSED tests/data/test_fate_anndata.py::TestFateAnnData::test_group_onto_trajectory_edges 
[gw4] [  8%] PASSED tests/data/test_fate_anndata.py::TestFateAnnData::test_add_trajectory 
tests/data/test_fate_anndata.py::TestFateAnnData::test_group_onto_nearest_milestones 
tests/method/function/test_cf_angle.py::TestCFAngle::test_angle 
[gw14] [  8%] PASSED tests/data/test_fate_milestone_wrapper.py::TestMilestoneWrapper::test_convert_milestone_percentages_to_progressions 
[gw15] [  9%] PASSED tests/data/test_fate_milestone_wrapper.py::TestMilestoneWrapper::test_milestone_network 
tests/data/test_fate_milestone_wrapper.py::TestMilestoneWrapper::test_convert_progressions_to_milestone_percentages 
[gw6] [ 10%] PASSED tests/data/test_fate_anndata.py::TestFateAnnData::test_add_trajectory_branch 
tests/data/test_fate_anndata.py::TestFateAnnData::test_add_trajectory_linear 
tests/method/function/test_cf_graph_mst.py::TestCFGraphMST::test_graph_mst 
[gw0] [ 11%] PASSED tests/data/test_fate_anndata.py::TestFateAnnData::test_get_all_model_name 
tests/data/test_fate_anndata.py::TestFateAnnData::test_get_item 
[gw5] [ 12%] PASSED tests/data/test_fate_anndata.py::TestFateAnnData::test_add_trajectory_projection 
[gw0] [ 13%] PASSED tests/data/test_fate_anndata.py::TestFateAnnData::test_get_item 
tests/data/test_fate_anndata.py::TestFateAnnData::test_add_trajectory_projection_with_cluster 
tests/method/function/test_palantir.py::TestCFPalantir::test_palantir 
[gw7] [ 14%] PASSED tests/data/test_fate_anndata.py::TestFateAnnData::test_add_trajectory_cycle 
tests/data/test_fate_anndata.py::TestFateAnnData::test_add_trajectory_probablity_3_states 
[gw10] [ 15%] PASSED tests/data/test_fate_anndata.py::TestFateAnnData::test_add_trajectory_probablity 
[gw6] [ 16%] PASSED tests/data/test_fate_anndata.py::TestFateAnnData::test_add_trajectory_linear 
tests/data/test_fate_anndata.py::TestFateAnnData::test_add_trajectory_cluster 
tests/method/function/test_cf_velovi.py::TestCFVeloVI::test_velovi 
[gw6] [ 16%] SKIPPED tests/method/function/test_cf_velovi.py::TestCFVeloVI::test_velovi 
tests/method/test_fate_cfe_docker_backend.py::TestCFEDockerBackend::test_load_backend 
[gw14] [ 17%] PASSED tests/data/test_fate_milestone_wrapper.py::TestMilestoneWrapper::test_convert_progressions_to_milestone_percentages 
tests/method/function/test_cf_scvelo.py::TestCFscVelo::test_scvelo 
[gw11] [ 18%] PASSED tests/data/test_fate_anndata.py::TestFateAnnData::test_group_onto_nearest_milestones 
tests/method/function/test_cf_paga.py::TestCFPAGA::test_paga 
[gw1] [ 19%] PASSED tests/data/test_fate_anndata.py::TestFateAnnData::test_from_anndata 
tests/method/function/test_cf_cluster_mst.py::TestCFClusterMST::test_cluster_mst 
[gw5] [ 20%] PASSED tests/data/test_fate_anndata.py::TestFateAnnData::test_add_trajectory_projection_with_cluster 
[gw4] [ 21%] PASSED tests/method/function/test_cf_angle.py::TestCFAngle::test_angle 
[gw12] [ 22%] PASSED tests/data/test_fate_anndata.py::TestFateAnnData::test_simplify_trajectory_bifurcation_directed 
tests/method/test_fate_backend.py::TestDefinition::test_magic_methods 
tests/method/function/test_cf_projection_mst.py::TestCFProjectionMST::test_projection_mst 
tests/data/test_fate_anndata.py::TestFateAnnData::test_simplify_trajectory_bifurcation_undirected 
[gw4] [ 23%] SKIPPED tests/method/function/test_cf_projection_mst.py::TestCFProjectionMST::test_projection_mst 
tests/method/test_fate_conda_backend.py::TestCondaBackend::test_load_definition 
[gw4] [ 24%] SKIPPED tests/method/test_fate_conda_backend.py::TestCondaBackend::test_load_definition 
tests/method/test_fate_dynverse_docker_backend.py::TestDynverseDockerBackend::test_load_backend 
[gw4] [ 25%] SKIPPED tests/method/test_fate_dynverse_docker_backend.py::TestDynverseDockerBackend::test_load_backend 
tests/method/test_fate_dynverse_docker_backend.py::TestDynverseDockerBackend::test_run 
[gw4] [ 25%] SKIPPED tests/method/test_fate_dynverse_docker_backend.py::TestDynverseDockerBackend::test_run 
[gw7] [ 26%] PASSED tests/data/test_fate_anndata.py::TestFateAnnData::test_add_trajectory_probablity_3_states 
[gw5] [ 27%] PASSED tests/method/test_fate_backend.py::TestDefinition::test_magic_methods 
tests/method/test_fate_dynverse_docker_backend.py::TestDynverseDockerBackend::test_pull_image_with_progress 
tests/method/test_fate_backend.py::TestDefinition::test_get_parameters 
[gw4] [ 28%] SKIPPED tests/method/test_fate_dynverse_docker_backend.py::TestDynverseDockerBackend::test_pull_image_with_progress 
tests/method/test_fate_conda_backend.py::TestCondaBackend::test_run 
[gw5] [ 29%] SKIPPED tests/method/test_fate_conda_backend.py::TestCondaBackend::test_run 
tests/method/test_fate_dynverse_docker_backend.py::TestDynverseDockerBackend::test_load_definition 
[gw4] [ 30%] SKIPPED tests/method/test_fate_dynverse_docker_backend.py::TestDynverseDockerBackend::test_load_definition 
tests/method/test_fate_function_backend.py::TestFunctionBackend::test_run 
tests/method/test_fate_function_backend.py::TestFunctionBackend::test_load_definition 
[gw10] [ 31%] PASSED tests/data/test_fate_anndata.py::TestFateAnnData::test_add_trajectory_cluster 
[gw0] [ 32%] PASSED tests/method/function/test_palantir.py::TestCFPalantir::test_palantir 
[gw13] [ 33%] PASSED tests/data/test_fate_anndata.py::TestFateAnnData::test_simplify_trajectory_linear_directed 
tests/method/test_fate_cfe_docker_backend.py::TestCFEDockerBackend::test_init 
tests/method/test_fate_backend.py::TestDefinition::test_get_inputs_df 
tests/data/test_fate_anndata.py::TestFateAnnData::test_simplify_trajectory_linear_undirected 
[gw2] [ 33%] PASSED tests/data/test_fate_waypoint_wrapper.py::TestWaypointWrapper::test_magic_method 
[gw7] [ 34%] PASSED tests/method/test_fate_backend.py::TestDefinition::test_get_parameters 
tests/method/function/test_cf_comp1.py::TestCFComp1::test_comp1 
[gw4] [ 35%] PASSED tests/method/test_fate_function_backend.py::TestFunctionBackend::test_load_definition 
tests/method/test_fate_function_backend.py::TestFunctionBackend::test_load_backend 
[gw0] [ 36%] PASSED tests/method/test_fate_backend.py::TestDefinition::test_get_inputs_df 
tests/method/test_fate_method.py::TestFateMethod::test_choose_backend 
tests/metric/test_calculate_metrics.py::test_calculate_metrics 
[gw7] [ 37%] PASSED tests/method/test_fate_function_backend.py::TestFunctionBackend::test_load_backend 
tests/metric/test_init.py::test_init 
[gw7] [ 38%] PASSED tests/metric/test_init.py::test_init 
tests/metric/test_metric_featureimp.py::test_calculate_overall_feature_importance 
[gw1] [ 39%] PASSED tests/method/function/test_cf_cluster_mst.py::TestCFClusterMST::test_cluster_mst 
[gw9] [ 40%] PASSED tests/data/test_fate_waypoint_wrapper.py::TestWaypointWrapper::test_init 
tests/method/test_fate_conda_backend.py::TestCondaBackend::test_load_backend 
tests/data/test_fate_waypoint_wrapper.py::TestWaypointWrapper::test_select_waypoints 
[gw1] [ 41%] SKIPPED tests/method/test_fate_conda_backend.py::TestCondaBackend::test_load_backend 
tests/metric/test_metric_featureimp.py::test_calculate_featureimp_enrichment 
[gw12] [ 41%] PASSED tests/data/test_fate_anndata.py::TestFateAnnData::test_simplify_trajectory_bifurcation_undirected 
[gw2] [ 42%] PASSED tests/method/function/test_cf_comp1.py::TestCFComp1::test_comp1 
[gw13] [ 43%] PASSED tests/data/test_fate_anndata.py::TestFateAnnData::test_simplify_trajectory_linear_undirected 
tests/metric/test_cluster_metric.py::test_calculate_mapping_milestones 
tests/metric/test_cluster_metric_v2.py::test_calculate_mapping_milestones 
tests/method/test_fate_dynverse_docker_backend.py::TestDynverseDockerBackend::test_init 
[gw12] [ 44%] SKIPPED tests/method/test_fate_dynverse_docker_backend.py::TestDynverseDockerBackend::test_init 
tests/metric/test_metric_featureimp_v2.py::test_calculate_featureimp_cor_and_enrichment 
[gw7] [ 45%] PASSED tests/metric/test_metric_featureimp.py::test_calculate_overall_feature_importance 
tests/metric/test_metric_featureimp.py::test_calculate_featureimp_cor 
[gw0] [ 46%] PASSED tests/metric/test_calculate_metrics.py::test_calculate_metrics 
tests/metric/test_metric_correlation_v2.py::test_calculate_correlation_identical 
[gw0] [ 47%] SKIPPED tests/metric/test_metric_correlation_v2.py::test_calculate_correlation_identical 
tests/metric/test_metric_featureimp_v3.py::test_get_expression_and_wrapper 
[gw0] [ 48%] PASSED tests/metric/test_metric_featureimp_v3.py::test_get_expression_and_wrapper 
tests/metric/test_metric_featureimp_v3.py::test_calculate_overall_feature_importance 
[gw0] [ 49%] SKIPPED tests/metric/test_metric_featureimp_v3.py::test_calculate_overall_feature_importance 
tests/metric/test_metric_featureimp_v3.py::test_calculate_featureimp_cor_and_enrichment 
[gw2] [ 50%] PASSED tests/metric/test_cluster_metric_v2.py::test_calculate_mapping_milestones 
tests/metric/test_metric_featureimp_v2.py::test_calculate_overall_feature_importance 
[gw8] [ 50%] PASSED tests/data/test_fate_anndata.py::TestFateAnnData::test_add_trajectory_graph 
tests/data/test_fate_anndata.py::TestFateAnnData::test_add_trajectory_lineage 
[gw13] [ 51%] PASSED tests/metric/test_cluster_metric.py::test_calculate_mapping_milestones 
tests/metric/test_metric_featureimp_v2.py::test_get_expression_and_wrapper 
[gw13] [ 52%] PASSED tests/metric/test_metric_featureimp_v2.py::test_get_expression_and_wrapper 
tests/metric/test_metric_featureimp_v3.py::test_milestone_and_overall_importance 
[gw8] [ 53%] PASSED tests/data/test_fate_anndata.py::TestFateAnnData::test_add_trajectory_lineage 
tests/metric/test_metric_featureimp_v3.py::test_calculate_feature_importances_simple 
[gw6] [ 54%] PASSED tests/method/test_fate_cfe_docker_backend.py::TestCFEDockerBackend::test_load_backend 
tests/method/test_fate_cfe_docker_backend.py::TestCFEDockerBackend::test_run 
[gw6] [ 55%] SKIPPED tests/method/test_fate_cfe_docker_backend.py::TestCFEDockerBackend::test_run 
tests/metric/test_metric_position_predict.py::test_calculate_position_predict_diff 
[gw7] [ 56%] PASSED tests/metric/test_metric_featureimp.py::test_calculate_featureimp_cor 
tests/metric/test_metric_featureimp_v2.py::test_featureimp_enrichment_insufficient 
[gw9] [ 57%] PASSED tests/data/test_fate_waypoint_wrapper.py::TestWaypointWrapper::test_select_waypoints 
tests/metric/test_metric_featureimp.py::test_featureimp_cor_insufficient_cells 
[gw4] [ 58%] PASSED tests/method/test_fate_method.py::TestFateMethod::test_choose_backend 
tests/metric/test_metric_correlation.py::test_calc_correlation 
[gw4] [ 58%] SKIPPED tests/metric/test_metric_correlation.py::test_calc_correlation 
tests/metric/test_metric_position_predict_v3.py::test_diff_data_LM_not_perfect 
[gw9] [ 59%] PASSED tests/metric/test_metric_featureimp.py::test_featureimp_cor_insufficient_cells 
[gw2] [ 60%] PASSED tests/metric/test_metric_featureimp_v2.py::test_calculate_overall_feature_importance 
tests/metric/test_metric_featureimp_v3.py::test_featureimp_enrichment_insufficient 
[gw1] [ 61%] PASSED tests/metric/test_metric_featureimp.py::test_calculate_featureimp_enrichment 
tests/metric/test_metric_position_predict_v3.py::test_same_data_RF_and_LM_valid_ranges 
tests/metric/test_metric_featureimp.py::test_featureimp_enrichment_insufficient_cells 
[gw10] [ 62%] PASSED tests/method/test_fate_cfe_docker_backend.py::TestCFEDockerBackend::test_init 
tests/method/test_fate_method.py::TestFateMethod::test_infer_trajectory 
[gw3] [ 63%] PASSED tests/data/test_fate_anndata.py::TestFateAnnData::test_add_waypoints 
tests/data/test_fate_anndata.py::TestFateAnnData::test_write 
[gw1] [ 64%] PASSED tests/metric/test_metric_featureimp.py::test_featureimp_enrichment_insufficient_cells 
tests/metric/test_topology_metric.py::test_metric_him 
[gw7] [ 65%] PASSED tests/metric/test_metric_featureimp_v2.py::test_featureimp_enrichment_insufficient 
tests/metric/test_metric_position_predict_v2.py::test_calculate_position_predict_diff 
[gw2] [ 66%] PASSED tests/metric/test_metric_featureimp_v3.py::test_featureimp_enrichment_insufficient 
tests/metric/test_topology_metric.py::test_metric_flip_linear_bifurcation 
[gw2] [ 66%] SKIPPED tests/metric/test_topology_metric.py::test_metric_flip_linear_bifurcation 
tests/plot/test_plot_wrapper.py::test_plot_wrapper 
[gw1] [ 67%] PASSED tests/metric/test_topology_metric.py::test_metric_him 
tests/plot/test_plot_trajectory.py::test_plot_trajectory_curve 
[gw12] [ 68%] PASSED tests/metric/test_metric_featureimp_v2.py::test_calculate_featureimp_cor_and_enrichment 
tests/metric/test_metric_featureimp_v2.py::test_featureimp_cor_insufficient 
[gw8] [ 69%] PASSED tests/metric/test_metric_featureimp_v3.py::test_calculate_feature_importances_simple 
tests/metric/test_metric_position_predict.py::test_calculate_position_predict_same 
[gw0] [ 70%] PASSED tests/metric/test_metric_featureimp_v3.py::test_calculate_featureimp_cor_and_enrichment 
tests/metric/test_metric_featureimp_v3.py::test_featureimp_cor_insufficient 
[gw2] [ 71%] PASSED tests/plot/test_plot_wrapper.py::test_plot_wrapper 
tests/preprocess/test_subsample.py::test_subsample 
[gw2] [ 72%] PASSED tests/preprocess/test_subsample.py::test_subsample 
tests/util/test_random_time_string.py::test_random_time_string_with_name 
[gw2] [ 73%] PASSED tests/util/test_random_time_string.py::test_random_time_string_with_name 
[gw12] [ 74%] PASSED tests/metric/test_metric_featureimp_v2.py::test_featureimp_cor_insufficient 
tests/util/test_available_metadata.py::test_get_available_method_df 
[gw12] [ 75%] PASSED tests/util/test_available_metadata.py::test_get_available_method_df 
[gw0] [ 75%] PASSED tests/metric/test_metric_featureimp_v3.py::test_featur